<html>
<body>
<pre>
<h1>µVision Build Log</h1>
<h2>Tool Versions:</h2>
IDE-Version: µVision V5.24.2.0
Copyright (C) 2017 ARM Ltd and ARM Germany GmbH. All rights reserved.
License Information: Phillip Tesolin, LTU, LIC=----
 
Tool Versions:
Toolchain:       MDK-Lite  Version: 5.24.1
Toolchain Path:  C:\Keil_v5\ARM\ARMCC\Bin
C Compiler:      Armcc.exe V5.06 update 5 (build 528)
Assembler:       Armasm.exe V5.06 update 5 (build 528)
Linker/Locator:  ArmLink.exe V5.06 update 5 (build 528)
Library Manager: ArmAr.exe V5.06 update 5 (build 528)
Hex Converter:   FromElf.exe V5.06 update 5 (build 528)
CPU DLL:         SARMCM3.DLL V5.24.1
Dialog DLL:      DCM.DLL V1.16.0.0
Target DLL:      lmidk-agdi.dll V???
Dialog DLL:      TCM.DLL V1.32.0.0
 
<h2>Project:</h2>
C:\Users\ptesolin\Documents\GitHub\ADC\ESAL_Final_Project\project.uvprojx
Project File Date:  10/26/2017

<h2>Output:</h2>
*** Using Compiler 'V5.06 update 5 (build 528)', folder: 'C:\Keil_v5\ARM\ARMCC\Bin'
Rebuild target 'project'
creating preprocessor file for project.c...
assembling startup_rvmdk.S...
creating preprocessor file for myPWM.c...
compiling myPWM.c...
myPWM.c(66): warning:  #177-D: variable "fadeUp"  was declared but never referenced
    bool fadeUp = true;
myPWM.c(67): warning:  #177-D: variable "increment"  was declared but never referenced
    unsigned long increment = 10; //Long increment
myPWM.c(68): warning:  #177-D: variable "pwmNow"  was declared but never referenced
    unsigned long pwmNow = 100;	//new PWM value
myPWM.c(69): warning:  #177-D: variable "i"  was declared but never referenced
  	int i = 1; //Int used in while loop
myPWM.c(70): warning:  #177-D: variable "x"  was declared but never referenced
  	int x;  //Int that contains the output of the button SW2
myPWM.c(71): warning:  #177-D: variable "y"  was declared but never referenced
  	int y;  //Int that contains the output of the button SW1
myPWM.c(75): warning:  #1-D: last line of file ends without a newline
  	
myPWM.c: 7 warnings, 0 errors
creating preprocessor file for Encoder.c...
creating preprocessor file for Float_Setup.c...
compiling Encoder.c...
Encoder.h(27): warning:  #1-D: last line of file ends without a newline
  void QEIConfigure(uint32_t ui32Base, uint32_t ui32Config, uint32_t ui32MaxPosition);
Encoder.c(18): warning:  #47-D: incompatible redefinition of macro "GPIO_PORTF_DATA_R"  (declared at line 701 of ".\inc\tm4c123gh6pm.h")
  #define GPIO_PORTF_DATA_R       (*((volatile unsigned long *)0x400073FC))
Encoder.c(19): warning:  #47-D: incompatible redefinition of macro "GPIO_PORTF_DIR_R"  (declared at line 702 of ".\inc\tm4c123gh6pm.h")
  #define GPIO_PORTF_DIR_R        (*((volatile unsigned long *)0x40007400))
Encoder.c(20): warning:  #47-D: incompatible redefinition of macro "GPIO_PORTF_AFSEL_R"  (declared at line 710 of ".\inc\tm4c123gh6pm.h")
  #define GPIO_PORTF_AFSEL_R      (*((volatile unsigned long *)0x40007420))
Encoder.c(21): warning:  #47-D: incompatible redefinition of macro "GPIO_PORTF_PUR_R"  (declared at line 715 of ".\inc\tm4c123gh6pm.h")
  #define GPIO_PORTF_PUR_R        (*((volatile unsigned long *)0x40007510))
Encoder.c(22): warning:  #47-D: incompatible redefinition of macro "GPIO_PORTF_DEN_R"  (declared at line 718 of ".\inc\tm4c123gh6pm.h")
  #define GPIO_PORTF_DEN_R        (*((volatile unsigned long *)0x4000751C))
Encoder.c(23): warning:  #47-D: incompatible redefinition of macro "GPIO_PORTF_LOCK_R"  (declared at line 719 of ".\inc\tm4c123gh6pm.h")
  #define GPIO_PORTF_LOCK_R       (*((volatile unsigned long *)0x40007520))
Encoder.c(24): warning:  #47-D: incompatible redefinition of macro "GPIO_PORTF_CR_R"  (declared at line 720 of ".\inc\tm4c123gh6pm.h")
  #define GPIO_PORTF_CR_R         (*((volatile unsigned long *)0x40007524))
Encoder.c(25): warning:  #47-D: incompatible redefinition of macro "GPIO_PORTF_AMSEL_R"  (declared at line 721 of ".\inc\tm4c123gh6pm.h")
  #define GPIO_PORTF_AMSEL_R      (*((volatile unsigned long *)0x40007528))
Encoder.c(26): warning:  #47-D: incompatible redefinition of macro "GPIO_PORTF_PCTL_R"  (declared at line 722 of ".\inc\tm4c123gh6pm.h")
  #define GPIO_PORTF_PCTL_R       (*((volatile unsigned long *)0x4000752C))
Encoder.c(27): warning:  #47-D: incompatible redefinition of macro "SYSCTL_RCGC2_R"  (declared at line 2059 of ".\inc\tm4c123gh6pm.h")
  #define SYSCTL_RCGC2_R          (*((volatile unsigned long *)0x400FE108))
Encoder.c(28): warning:  #47-D: incompatible redefinition of macro "SYSCTL_RCGCGPIO_R"  (declared at line 2113 of ".\inc\tm4c123gh6pm.h")
  #define SYSCTL_RCGCGPIO_R				(*((volatile unsigned long *)0x400FE644))
Encoder.c(36): warning:  #177-D: variable "i"  was declared but never referenced
  	uint32_t i,ticks;
Encoder.c(37): warning:  #177-D: variable "w"  was declared but never referenced
  	double w,speed;
Encoder.c(37): warning:  #177-D: variable "speed"  was declared but never referenced
  	double w,speed;
Encoder.c(106): warning:  #1-D: last line of file ends without a newline
  	
Encoder.c: 16 warnings, 0 errors
creating preprocessor file for Uart_helper.c...
compiling Float_Setup.c...
Float_Setup.h(22): warning:  #1-D: last line of file ends without a newline
  #include "Uart_helper.h"
Encoder.h(27): warning:  #1-D: last line of file ends without a newline
  void QEIConfigure(uint32_t ui32Base, uint32_t ui32Config, uint32_t ui32MaxPosition);
Float_Setup.c(18): warning:  #1-D: last line of file ends without a newline
   
Float_Setup.c: 3 warnings, 0 errors
compiling project.c...
driverlib/hibernate.h(229): warning:  #231-D: declaration is not visible outside of function
  extern void HibernateCalendarSet(struct tm *psTime);
driverlib/hibernate.h(230): warning:  #231-D: declaration is not visible outside of function
  extern int HibernateCalendarGet(struct tm *psTime);
driverlib/hibernate.h(231): warning:  #231-D: declaration is not visible outside of function
  extern void HibernateCalendarMatchSet(uint32_t ui32Index, struct tm *psTime);
driverlib/hibernate.h(232): warning:  #231-D: declaration is not visible outside of function
  extern void HibernateCalendarMatchGet(uint32_t ui32Index, struct tm *psTime);
project.c(17): warning:  #223-D: function "FloatSetup" declared implicitly
  	FloatSetup();	
project.c(25): warning:  #223-D: function "setupPWM" declared implicitly
  		setupPWM();
project.c(28): warning:  #223-D: function "setupENCODER" declared implicitly
  		setupENCODER();
project.c: 7 warnings, 0 errors
compiling Uart_helper.c...
src\Uart_helper.c(72): warning:  #1-D: last line of file ends without a newline
  }
src\Uart_helper.c: 1 warning, 0 errors
linking...
Program Size: Code=6580 RO-data=1180 RW-data=4 ZI-data=364  
FromELF: creating hex file...
After Build - User command #1: fromelf --bin --output .\rvmdk\project.bin .\rvmdk\project.axf
".\rvmdk\project.axf" - 0 Error(s), 34 Warning(s).

<h2>Software Packages used:</h2>

Package Vendor: ARM
                http://www.keil.com/pack/ARM.CMSIS.5.0.1.pack
                ARM.CMSIS.5.0.1
                CMSIS (Cortex Microcontroller Software Interface Standard)
   * Component: CORE Version: 5.0.1

Package Vendor: Keil
                http://www.keil.com/pack/Keil.TM4C_DFP.1.1.0.pack
                Keil.TM4C_DFP.1.1.0
                Texas Instruments Tiva C Series Device Support and Examples

<h2>Collection of Component include folders:</h2>
  .\RTE\_project
  C:\Keil_v5\ARM\PACK\ARM\CMSIS\5.0.1\CMSIS\Include
  C:\Keil_v5\ARM\PACK\Keil\TM4C_DFP\1.1.0\Device\Include\TM4C123

<h2>Collection of Component Files used:</h2>

   * Component: ARM::CMSIS:CORE:5.0.1
Build Time Elapsed:  00:00:04
</pre>
</body>
</html>
